exports[`test App renders correctly 1`] = `
<div>
  <Navigation />
</div>
`;
