exports[`test Flat renders correctly 1`] = `
<div>
  <h1>
    Flat
  </h1>
</div>
`;
