exports[`test User renders logout correctly 1`] = `
<div
  className="User container">
  <div
    className="row">
    <div
      className="col-xs-12 col-sm-12 col-md-6 col-lg-6 col-xs-offset-0 col-sm-offset-0 col-md-offset-3 col-lg-offset-3 toppad">
      <div
        className="panel panel-info">
        <div
          className="panel-heading">
          <h3
            className="panel-title" />
        </div>
        <div
          className="panel-body">
          <div
            className="row">
            <div
              className="col-md-3 col-lg-3 ">
              <img
                alt="User Pic"
                className="img-circle img-responsive"
                src="/images/profile.jpg" />
            </div>
            <div
              className=" col-md-9 col-lg-9 ">
              <table
                className="table table-user-information">
                <tbody>
                  <tr>
                    <td>
                      Email
                    </td>
                    <td>
                      <a
                        href="mailto:email" />
                    </td>
                  </tr>
                  <tr>
                    <td>
                      Phone Number:
                    </td>
                    <td />
                  </tr>
                  <tr>
                    <td>
                      Home Address
                    </td>
                    <td>
                      Dev Academy
                    </td>
                  </tr>
                </tbody>
              </table>
              <a
                className="btn btn-primary"
                onClick={[Function]}
                style={Object {}}>
                To Dashboard
              </a>
              <a
                className="btn btn-primary"
                href="#"
                style={
                  Object {
                    "float": "right",
                  }
                }>
                Edit
              </a>
            </div>
          </div>
        </div>
      </div>
    </div>
  </div>
</div>
`;
