exports[`test Home renders correctly 1`] = `
<div>
  <BannerHeader />
  <BannerRules />
</div>
`;
